
# conda environments:
#
base                   /Odyssey/private/t22picar/miniforge3
4dvarnet-daniel      * /Odyssey/private/t22picar/miniforge3/envs/4dvarnet-daniel
4dvarnet-starter       /Odyssey/private/t22picar/miniforge3/envs/4dvarnet-starter
env-dc-global-ose1     /Odyssey/private/t22picar/miniforge3/envs/env-dc-global-ose1

new sizes: [680, 1440]
2011
Interpolation ... 
Interpolation done 
Concatenation ... 
Concatenation done 
2012
Interpolation ... 
Interpolation done 
Concatenation ... 
Concatenation done 
2013
Interpolation ... 
Interpolation done 
Concatenation ... 
Concatenation done 
2014
Interpolation ... 
Interpolation done 
Concatenation ... 
Concatenation done 
2015
Interpolation ... 
Interpolation done 
Concatenation ... 
Concatenation done 
2016
Interpolation ... 
Interpolation done 
Concatenation ... 
Concatenation done 
2017
Interpolation ... 
Interpolation done 
Concatenation ... 
Concatenation done 
2018
Interpolation ... 
Interpolation done 
Concatenation ... 
Concatenation done 
Saving...
Saving done
